// Jest Snapshot v1, https://goo.gl/fbAQLP

exports[`Pruebas en Entry Component debe de hacer match con el snapshot 1`] = `
<div class="entry-container mb-3 p-2 pointer">
  <div class="entry-file d-flex"><span class="text-success fs-5 fw-bold">25</span><span class="mx-1 fs-5">Mayo</span><span class="mx-2 fw-light">2022, Mi√©rcoles</span></div>
  <div class="entry-description">Estoy aprendiendo React</div>
</div>
`;
