// Jest Snapshot v1, https://goo.gl/fbAQLP

exports[`Pruebas en el EntryView debe de mostrar la entrada correctamente 1`] = `
<div class="entry-title d-flex justify-content-between p-2">
  <div><span class="text-success fs-3 fw-bold">25</span><span class="mx-1 fs-3">Mayo</span><span class="mx-2 fs-4 fw-light">2022, Miércoles</span></div>
  <div><input type="file" accept="image/png, image/jpeg" style="display: none;"><button class="btn btn-danger mx-2"> Borrar <i class="fa fa-trash-alt"></i></button><button class="btn btn-primary"> Subir Foto <i class="fa fa-upload"></i></button></div>
</div>
<hr>
<div class="d-flex flex-column px-3 h-75"><textarea placeholder="¿Que sucedió hoy?"></textarea><img src="https://res.cloudinary.com/dhxgse865/image/upload/v1653500411/journal/vnxdlssbhigdcy1r38ed.jpg" alt="entry-picture" class="img-thumbnail">
  <!--v-if-->
</div>
<fab-section-stub icon="fa-save"></fab-section-stub>
`;
