// Jest Snapshot v1, https://goo.gl/fbAQLP

exports[`AboutView Component debe de hacer match con el snapshot 1`] = `
<div><img alt="Vue logo" src="">
  <h1>Hola Mundo</h1><button class="btn btn-primary">Primary</button><button class="btn btn-secondary">Secondary</button><button class="btn btn-success">Succes</button>
</div>
`;
